Microchip MPLAB XC8 Compiler V2.35

Linker command line:

-W-3 --edf=C:\Program Files\Microchip\xc8\v2.35\pic\dat\en_msgs.txt -cn \
  -h+dist/default/production\Lab_P2_M.X.production.sym \
  --cmf=dist/default/production\Lab_P2_M.X.production.cmf -z -Q16F887 \
  -oC:\Users\USUARIO\AppData\Local\Temp\xcAsefk.4 --defsym=__MPLAB_BUILD=1 \
  -Mdist/default/production/Lab_P2_M.X.production.map \
  --md=C:\Users\USUARIO\AppData\Local\Temp\xcAsefk.dat -E1 \
  -ver=XC8 Compiler --acfsm=1493 -ACODE=00h-07FFhx4 -ASTRCODE=00h-01FFFh \
  -ASTRING=00h-0FFhx32 -ACONST=00h-0FFhx32 -AENTRY=00h-0FFhx32 \
  -ACOMMON=070h-07Fh -ABANK0=020h-06Fh -ABANK1=0A0h-0EFh \
  -ABANK2=0110h-016Fh -ABANK3=0190h-01EFh \
  -ARAM=020h-06Fh,0A0h-0EFh,0110h-016Fh,0190h-01EFh \
  -AABS1=020h-07Fh,0A0h-0EFh,0110h-016Fh,0190h-01EFh -ASFR0=00h-01Fh \
  -ASFR1=080h-09Fh -ASFR2=0100h-010Fh -ASFR3=0180h-018Fh \
  -ACONFIG=02007h-02008h -DCONFIG=2 -AIDLOC=02000h-02003h -DIDLOC=2 \
  -AEEDATA=00h-0FFh/02100h -peeprom_data=EEDATA -DEEDATA=2 -DCODE=2 \
  -DSTRCODE=2 -DSTRING=2 -DCONST=2 -DENTRY=2 \
  -preset_vec=00h,intentry,init,end_init -ppowerup=CODE -pcinit=CODE \
  -pfunctab=ENTRY -k C:\Users\USUARIO\AppData\Local\Temp\xcAsefk.o \
  dist/default/production\Lab_P2_M.X.production.o 

Object code version is 3.11

Machine type is 16F887



                Name                               Link     Load   Length Selector   Space Scale
C:\Users\USUARIO\AppData\Local\Temp\xcAsefk.o
                end_init                              0        0        3        0       0
                config                             2007     2007        2        0       4
                idloc                              2000     2000        4        0       5
dist/default/production\Lab_P2_M.X.production.o
                cinit                               7F8      7F8        8      FF0       0
                config                             2007     2007        2        0       4
                idloc                              2000     2000        4        0       5
                text6                               755      755       3B      EAA       0
                text5                               713      713       16      E26       0
                text4                               729      729       2C      E52       0
                text3                               703      703        7      E06       0
                text2                               70A      70A        9      E14       0
                text1                               6FD      6FD        6      DFA       0
                maintext                            790      790       68      F20       0
                cstackCOMMON                         70       70        6       70       1
                bssCOMMON                            76       76        4       70       1

TOTAL           Name                               Link     Load   Length     Space
        CLASS   CODE           
                end_init                              0        0        3         0
                cinit                               7F8      7F8        8         0
                text6                               755      755       3B         0
                text5                               713      713       16         0
                text4                               729      729       2C         0
                text3                               703      703        7         0
                text2                               70A      70A        9         0
                text1                               6FD      6FD        6         0
                maintext                            790      790       68         0

        CLASS   STRCODE        

        CLASS   STRING         

        CLASS   CONST          

        CLASS   ENTRY          

        CLASS   COMMON         
                cstackCOMMON                         70       70        6         1
                bssCOMMON                            76       76        4         1

        CLASS   BANK0          

        CLASS   BANK1          

        CLASS   BANK2          

        CLASS   BANK3          

        CLASS   RAM            

        CLASS   ABS1           
                abs_s1                               7E       7E        2         1

        CLASS   SFR0           

        CLASS   SFR1           

        CLASS   SFR2           

        CLASS   SFR3           

        CLASS   CONFIG         
                config                             2007     2007        2         4

        CLASS   IDLOC          
                idloc                              2000     2000        4         5

        CLASS   EEDATA         

        CLASS   STACK          



SEGMENTS        Name                           Load    Length   Top    Selector   Space  Class     Delta

                reset_vec                      000000  000003  000003         0       0  CODE        2
                cstackCOMMON                   000070  00000A  00007A        70       1  COMMON      1
                text1                          0006FD  000006  000703       DFA       0  CODE        2
                text3                          000703  000007  00070A       E06       0  CODE        2
                text2                          00070A  000009  000713       E14       0  CODE        2
                text5                          000713  000016  000729       E26       0  CODE        2
                text4                          000729  00002C  000755       E52       0  CODE        2
                text6                          000755  00003B  000790       EAA       0  CODE        2
                maintext                       000790  000068  0007F8       F20       0  CODE        2
                cinit                          0007F8  000008  000800       FF0       0  CODE        2


UNUSED ADDRESS RANGES

        Name                Unused          Largest block    Delta
        BANK0            0020-006F             50           1
        BANK1            00A0-00EF             50           1
        BANK2            0110-016F             60           1
        BANK3            0190-01EF             60           1
        CODE             0003-06FC            6FA           2
                         0800-1FFF            800
        COMMON           007A-007D              4           1
        CONST            0003-06FC            100           2
                         0800-1FFF            100
        EEDATA           2100-21FF            100           2
        ENTRY            0003-06FC            100           2
                         0800-1FFF            100
        RAM              0020-006F             50           1
                         00A0-00EF             50
                         0110-016F             60
                         0190-01EF             60
        SFR0             0000-001F             20           1
        SFR1             0080-009F             20           1
        SFR2             0100-010F             10           1
        SFR3             0180-018F             10           1
        STRCODE          0003-06FC            6FA           2
                         0800-1FFF           1800
        STRING           0003-06FC            100           2
                         0800-1FFF            100

                                  Symbol Table

_ANSEL                   (abs)        0188
_ANSELH                  (abs)        0189
_INTCONbits              (abs)        000B
_OPTION_REGbits          (abs)        0081
_OSCCONbits              (abs)        008F
_PORTA                   (abs)        0005
_PORTB                   (abs)        0006
_PORTCbits               (abs)        0007
_PORTD                   (abs)        0008
_RC7                     (abs)        003F
_SSPBUF                  (abs)        0013
_SSPCON                  (abs)        0014
_SSPSTAT                 (abs)        0094
_SSPSTATbits             (abs)        0094
_TMR0                    (abs)        0001
_TRISA                   (abs)        0085
_TRISB                   (abs)        0086
_TRISC3                  (abs)        043B
_TRISC5                  (abs)        043D
_TRISCbits               (abs)        0087
_TRISD                   (abs)        0088
__Habs1                  abs1         0000
__Hbank0                 bank0        0000
__Hbank1                 bank1        0000
__Hbank2                 bank2        0000
__Hbank3                 bank3        0000
__HbssCOMMON             bssCOMMON    0000
__Hcinit                 cinit        0800
__Hclrtext               clrtext      0000
__Hcode                  code         0000
__Hcommon                common       0000
__Hconfig                config       2009
__HcstackCOMMON          cstackCOMMON 0000
__Heeprom_data           eeprom_data  0000
__Hend_init              end_init     0003
__Hfunctab               functab      0000
__Hidloc                 idloc        2004
__Hinit                  init         0000
__Hintentry              intentry     0000
__Hmaintext              maintext     0000
__Hpowerup               powerup      0000
__Hram                   ram          0000
__Hreset_vec             reset_vec    0000
__Hsfr0                  sfr0         0000
__Hsfr1                  sfr1         0000
__Hsfr2                  sfr2         0000
__Hsfr3                  sfr3         0000
__Hspace_0               (abs)        0800
__Hspace_1               (abs)        007A
__Hspace_2               (abs)        0000
__Hspace_3               (abs)        0000
__Hspace_4               (abs)        4010
__Hstack                 stack        0000
__Hstrings               strings      0000
__Htext                  text         0000
__Labs1                  abs1         0000
__Lbank0                 bank0        0000
__Lbank1                 bank1        0000
__Lbank2                 bank2        0000
__Lbank3                 bank3        0000
__LbssCOMMON             bssCOMMON    0000
__Lcinit                 cinit        07F8
__Lclrtext               clrtext      0000
__Lcode                  code         0000
__Lcommon                common       0000
__Lconfig                config       0000
__LcstackCOMMON          cstackCOMMON 0000
__Leeprom_data           eeprom_data  0000
__Lend_init              end_init     0000
__Lfunctab               functab      0000
__Lidloc                 idloc        0000
__Linit                  init         0000
__Lintentry              intentry     0000
__Lmaintext              maintext     0000
__Lpowerup               powerup      0000
__Lram                   ram          0000
__Lreset_vec             reset_vec    0000
__Lsfr0                  sfr0         0000
__Lsfr1                  sfr1         0000
__Lsfr2                  sfr2         0000
__Lsfr3                  sfr3         0000
__Lspace_0               (abs)        0000
__Lspace_1               (abs)        0000
__Lspace_2               (abs)        0000
__Lspace_3               (abs)        0000
__Lspace_4               (abs)        0000
__Lstack                 stack        0000
__Lstrings               strings      0000
__Ltext                  text         0000
__S0                     (abs)        0800
__S1                     (abs)        007A
__S3                     (abs)        0000
___int_sp                stack        0000
___latbits               (abs)        0002
___sp                    stack        0000
___stackhi               (abs)        0000
___stacklo               (abs)        0000
__end_of__initialization cinit        07FC
__end_of_initOsc         text6        0790
__end_of_main            maintext     07F8
__end_of_setup           text4        0755
__end_of_spiInit         text5        0729
__end_of_spiRead         text2        0713
__end_of_spiReceiveWait  text3        070A
__end_of_spiWrite        text1        0703
__initialization         cinit        07F8
__pbssCOMMON             bssCOMMON    0076
__pcstackCOMMON          cstackCOMMON 0070
__pmaintext              maintext     0790
__ptext1                 text1        06FD
__ptext2                 text2        070A
__ptext3                 text3        0703
__ptext4                 text4        0729
__ptext5                 text5        0713
__ptext6                 text6        0755
_devolver                bssCOMMON    0077
_initOsc                 text6        0755
_lectura                 bssCOMMON    0076
_main                    maintext     0790
_setup                   text4        0729
_spiInit                 text5        0713
_spiRead                 text2        070A
_spiReceiveWait          text3        0703
_spiWrite                text1        06FD
_variable_ADRESH         bssCOMMON    0079
_variable_ADRESL         bssCOMMON    0078
btemp                    (abs)        007E
end_of_initialization    cinit        07FC
initOsc@freq             cstackCOMMON 0072
intlevel0                functab      0000
intlevel1                functab      0000
intlevel2                functab      0000
intlevel3                functab      0000
intlevel4                functab      0000
intlevel5                functab      0000
reset_vec                reset_vec    0000
spiInit@sClockIdle       cstackCOMMON 0071
spiInit@sDataSample      cstackCOMMON 0070
spiInit@sTransmitEdge    cstackCOMMON 0072
spiInit@sType            cstackCOMMON 0073
spiWrite@dat             cstackCOMMON 0070
start                    init         0000
start_initialization     cinit        07F8
wtemp0                   (abs)        007E


MODULE INFORMATION

Module		Function		Class		Link	Load	Size
oscilador.c
		_initOsc       		CODE           	0755	0000	59

oscilador.c estimated size: 59

shared
		__initialization		CODE           	07F8	0000	4

shared estimated size: 4

SPI.c
		_spiWrite      		CODE           	06FD	0000	6
		_spiInit       		CODE           	0713	0000	22
		_spiReceiveWait		CODE           	0703	0000	7
		_spiRead       		CODE           	070A	0000	9

SPI.c estimated size: 44

MASTER_MAIN.c
		_main          		CODE           	0790	0000	104
		_setup         		CODE           	0729	0000	44

MASTER_MAIN.c estimated size: 148

